[33m[PLUGIN_TIMINGS] [0mYour build spent significant time in plugin `inject-file-scope-variables`. See https://rolldown.rs/options/checks#plugintimings for more details.

[33m[PLUGIN_TIMINGS] [0mYour build spent significant time in plugin `inject-file-scope-variables`. See https://rolldown.rs/options/checks#plugintimings for more details.

[33m[PLUGIN_TIMINGS] [0mYour build spent significant time in plugin `inject-file-scope-variables`. See https://rolldown.rs/options/checks#plugintimings for more details.

[33m[PLUGIN_TIMINGS] [0mYour build spent significant time in plugin `inject-file-scope-variables`. See https://rolldown.rs/options/checks#plugintimings for more details.

[33m[PLUGIN_TIMINGS] [0mYour build spent significant time in plugin `inject-file-scope-variables`. See https://rolldown.rs/options/checks#plugintimings for more details.

[33m[PLUGIN_TIMINGS] [0mYour build spent significant time in plugin `inject-file-scope-variables`. See https://rolldown.rs/options/checks#plugintimings for more details.

[33m[PLUGIN_TIMINGS] [0mYour build spent significant time in plugin `inject-file-scope-variables`. See https://rolldown.rs/options/checks#plugintimings for more details.

[33m[PLUGIN_TIMINGS] [0mYour build spent significant time in plugin `inject-file-scope-variables`. See https://rolldown.rs/options/checks#plugintimings for more details.

[33m[PLUGIN_TIMINGS] [0mYour build spent significant time in plugin `inject-file-scope-variables`. See https://rolldown.rs/options/checks#plugintimings for more details.

[33m[PLUGIN_TIMINGS] [0mYour build spent significant time in plugin `inject-file-scope-variables`. See https://rolldown.rs/options/checks#plugintimings for more details.

[33m[PLUGIN_TIMINGS] [0mYour build spent significant time in plugin `inject-file-scope-variables`. See https://rolldown.rs/options/checks#plugintimings for more details.

[33m[PLUGIN_TIMINGS] [0mYour build spent significant time in plugin `inject-file-scope-variables`. See https://rolldown.rs/options/checks#plugintimings for more details.

[33m[PLUGIN_TIMINGS] [0mYour build spent significant time in plugin `externalize-deps`. See https://rolldown.rs/options/checks#plugintimings for more details.

[33m[PLUGIN_TIMINGS] [0mYour build spent significant time in plugin `inject-file-scope-variables`. See https://rolldown.rs/options/checks#plugintimings for more details.

[33m[PLUGIN_TIMINGS] [0mYour build spent significant time in plugin `inject-file-scope-variables`. See https://rolldown.rs/options/checks#plugintimings for more details.

[33m[PLUGIN_TIMINGS] [0mYour build spent significant time in plugin `externalize-deps`. See https://rolldown.rs/options/checks#plugintimings for more details.

[33m[PLUGIN_TIMINGS] [0mYour build spent significant time in plugin `externalize-deps`. See https://rolldown.rs/options/checks#plugintimings for more details.

[33m[PLUGIN_TIMINGS] [0mYour build spent significant time in plugin `externalize-deps`. See https://rolldown.rs/options/checks#plugintimings for more details.

[33m[PLUGIN_TIMINGS] [0mYour build spent significant time in plugin `externalize-deps`. See https://rolldown.rs/options/checks#plugintimings for more details.

[33m[PLUGIN_TIMINGS] [0mYour build spent significant time in plugin `inject-file-scope-variables`. See https://rolldown.rs/options/checks#plugintimings for more details.

[33m[PLUGIN_TIMINGS] [0mYour build spent significant time in plugin `externalize-deps`. See https://rolldown.rs/options/checks#plugintimings for more details.

[33m[PLUGIN_TIMINGS] [0mYour build spent significant time in plugin `externalize-deps`. See https://rolldown.rs/options/checks#plugintimings for more details.

[33m[PLUGIN_TIMINGS] [0mYour build spent significant time in plugin `externalize-deps`. See https://rolldown.rs/options/checks#plugintimings for more details.

[33m[PLUGIN_TIMINGS] [0mYour build spent significant time in plugin `externalize-deps`. See https://rolldown.rs/options/checks#plugintimings for more details.

[33m[PLUGIN_TIMINGS] [0mYour build spent significant time in plugin `inject-file-scope-variables`. See https://rolldown.rs/options/checks#plugintimings for more details.

[33m[PLUGIN_TIMINGS] [0mYour build spent significant time in plugin `externalize-deps`. See https://rolldown.rs/options/checks#plugintimings for more details.

[33m[PLUGIN_TIMINGS] [0mYour build spent significant time in plugin `externalize-deps`. See https://rolldown.rs/options/checks#plugintimings for more details.

[33m[PLUGIN_TIMINGS] [0mYour build spent significant time in plugin `inject-file-scope-variables`. See https://rolldown.rs/options/checks#plugintimings for more details.

[33m[PLUGIN_TIMINGS] [0mYour build spent significant time in plugin `inject-file-scope-variables`. See https://rolldown.rs/options/checks#plugintimings for more details.

[33m[PLUGIN_TIMINGS] [0mYour build spent significant time in plugin `externalize-deps`. See https://rolldown.rs/options/checks#plugintimings for more details.

[33m[PLUGIN_TIMINGS] [0mYour build spent significant time in plugin `inject-file-scope-variables`. See https://rolldown.rs/options/checks#plugintimings for more details.

[33m[PLUGIN_TIMINGS] [0mYour build spent significant time in plugin `inject-file-scope-variables`. See https://rolldown.rs/options/checks#plugintimings for more details.

[33m[PLUGIN_TIMINGS] [0mYour build spent significant time in plugin `inject-file-scope-variables`. See https://rolldown.rs/options/checks#plugintimings for more details.

[33m[PLUGIN_TIMINGS] [0mYour build spent significant time in plugin `inject-file-scope-variables`. See https://rolldown.rs/options/checks#plugintimings for more details.

[33m[PLUGIN_TIMINGS] [0mYour build spent significant time in plugin `inject-file-scope-variables`. See https://rolldown.rs/options/checks#plugintimings for more details.

[33m[PLUGIN_TIMINGS] [0mYour build spent significant time in plugin `inject-file-scope-variables`. See https://rolldown.rs/options/checks#plugintimings for more details.

[33m[PLUGIN_TIMINGS] [0mYour build spent significant time in plugin `inject-file-scope-variables`. See https://rolldown.rs/options/checks#plugintimings for more details.

[33m[PLUGIN_TIMINGS] [0mYour build spent significant time in plugin `inject-file-scope-variables`. See https://rolldown.rs/options/checks#plugintimings for more details.

[33m[PLUGIN_TIMINGS] [0mYour build spent significant time in plugin `externalize-deps`. See https://rolldown.rs/options/checks#plugintimings for more details.

[33m[PLUGIN_TIMINGS] [0mYour build spent significant time in plugin `externalize-deps`. See https://rolldown.rs/options/checks#plugintimings for more details.

[33m[PLUGIN_TIMINGS] [0mYour build spent significant time in plugin `externalize-deps`. See https://rolldown.rs/options/checks#plugintimings for more details.

[33m[PLUGIN_TIMINGS] [0mYour build spent significant time in plugin `externalize-deps`. See https://rolldown.rs/options/checks#plugintimings for more details.

[33m[PLUGIN_TIMINGS] [0mYour build spent significant time in plugin `externalize-deps`. See https://rolldown.rs/options/checks#plugintimings for more details.

[33m[PLUGIN_TIMINGS] [0mYour build spent significant time in plugin `externalize-deps`. See https://rolldown.rs/options/checks#plugintimings for more details.

[33m[PLUGIN_TIMINGS] [0mYour build spent significant time in plugin `inject-file-scope-variables`. See https://rolldown.rs/options/checks#plugintimings for more details.

[33m[PLUGIN_TIMINGS] [0mYour build spent significant time in plugin `inject-file-scope-variables`. See https://rolldown.rs/options/checks#plugintimings for more details.

[33m[PLUGIN_TIMINGS] [0mYour build spent significant time in plugin `inject-file-scope-variables`. See https://rolldown.rs/options/checks#plugintimings for more details.


 RUN  v4.1.8 M:/Workspaces/external-sw-dev/openclaw


 Test Files  1 passed (1)
      Tests  9 passed (9)
   Start at  19:15:55
   Duration  488ms (transform 327ms, setup 260ms, import 6ms, tests 72ms, environment 0ms)

